\BOOKMARK [1][-]{section*.2}{List of Figures}{}% 1
\BOOKMARK [1][-]{section*.3}{List of Tables}{}% 2
\BOOKMARK [1][-]{section*.4}{Acknowledgements}{}% 3
\BOOKMARK [1][-]{table.1}{Abbreviations and Acronyms}{}% 4
\BOOKMARK [1][-]{section*.6}{Executive summary}{}% 5
\BOOKMARK [1][-]{section.1}{Introduction}{}% 6
\BOOKMARK [2][-]{subsection.1.1}{Subsection 1.1}{section.1}% 7
\BOOKMARK [1][-]{section.2}{Methodology}{}% 8
\BOOKMARK [2][-]{subsection.2.1}{WaPOR database}{section.2}% 9
\BOOKMARK [1][-]{section.3}{Test from YAML}{}% 10
\BOOKMARK [1][-]{section.4}{Test}{}% 11
\BOOKMARK [2][-]{subsection.4.1}{Reference}{section.4}% 12
\BOOKMARK [2][-]{subsection.4.2}{List}{section.4}% 13
\BOOKMARK [2][-]{subsection.4.3}{Figure}{section.4}% 14
\BOOKMARK [2][-]{subsection.4.4}{Talbe}{section.4}% 15
\BOOKMARK [2][-]{subsection.4.5}{Equation numpy}{section.4}% 16
\BOOKMARK [2][-]{subsection.4.6}{Equation quantities}{section.4}% 17
\BOOKMARK [1][-]{section*.7}{References}{}% 18
\BOOKMARK [1][-]{section*.8}{Annexes}{}% 19
